// Jest Snapshot v1, https://goo.gl/fbAQLP

exports[`WorkflowsSection --- Snapshot Capturing Snapshot of WorkflowsSection 1`] = `
<body
  id="app"
>
  <div>
    <section
      class="container"
    >
      <div
        class="header"
      >
        <h1
          class="team"
        >
          Lucas' team (0)
        </h1>
      </div>
      <div
        class="workflows"
      >
        <button
          class="container"
        >
          <svg
            aria-hidden="true"
            class="addIcon"
            focusable="false"
            height="32"
            preserveAspectRatio="xMidYMid meet"
            style="will-change: transform;"
            viewBox="0 0 32 32"
            width="32"
            xmlns="http://www.w3.org/2000/svg"
          >
            <path
              d="M17 15V7h-2v8H7v2h8v8h2v-8h8v-2h-8z"
            />
          </svg>
          <p
            class="text"
          >
            Create a new workflow
          </p>
        </button>
      </div>
    </section>
  </div>
  <div
    class="ReactModalPortal"
  />
</body>
`;
