// Jest Snapshot v1, https://goo.gl/fbAQLP

exports[`SearchFilterBar --- Snapshot Capturing Snapshot of SearchFilterBar 1`] = `
<body
  id="app"
>
  <div>
    <div
      class="b-search-filter"
    >
      <div
        class="b-search-filter__search"
      >
        <div
          aria-labelledby="search-team-workflows-search"
          class="bx--search bx--search--xl"
          role="search"
        >
          <svg
            aria-hidden="true"
            class="bx--search-magnifier"
            fill="currentColor"
            focusable="false"
            height="16"
            preserveAspectRatio="xMidYMid meet"
            viewBox="0 0 16 16"
            width="16"
            xmlns="http://www.w3.org/2000/svg"
          >
            <path
              d="M15,14.3L10.7,10c1.9-2.3,1.6-5.8-0.7-7.7S4.2,0.7,2.3,3S0.7,8.8,3,10.7c2,1.7,5,1.7,7,0l4.3,4.3L15,14.3z M2,6.5	C2,4,4,2,6.5,2S11,4,11,6.5S9,11,6.5,11S2,9,2,6.5z"
            />
          </svg>
          <label
            class="bx--label"
            for="search-team-workflows"
            id="search-team-workflows-search"
          >
            Search for a workflow
          </label>
          <input
            autocomplete="off"
            class="bx--search-input"
            data-cy="workflows-team-search"
            id="search-team-workflows"
            placeholder="Search for a workflow"
            role="searchbox"
            type="text"
            value=""
          />
          <button
            aria-label="Clear search input"
            class="bx--search-close bx--search-close--hidden"
            type="button"
          >
            <svg
              aria-hidden="true"
              fill="currentColor"
              focusable="false"
              height="20"
              preserveAspectRatio="xMidYMid meet"
              viewBox="0 0 32 32"
              width="20"
              xmlns="http://www.w3.org/2000/svg"
            >
              <path
                d="M24 9.4L22.6 8 16 14.6 9.4 8 8 9.4 14.6 16 8 22.6 9.4 24 16 17.4 22.6 24 24 22.6 17.4 16 24 9.4z"
              />
            </svg>
          </button>
        </div>
      </div>
      <div
        class="b-search-filter__filter"
      >
        <div
          class="bx--form-item"
        >
          <div
            class="bx--select"
          >
            <label
              class="bx--label bx--visually-hidden"
              for="select"
            >
              Select
            </label>
            <div
              class="bx--select-input__wrapper"
            >
              <select
                class="bx--select-input"
                id="select"
              >
                <option
                  class="bx--select-option"
                  value="none"
                >
                  All Workflows
                </option>
                <optgroup
                  class="bx--select-optgroup"
                  label="test"
                />
              </select>
              <svg
                aria-hidden="true"
                class="bx--select__arrow"
                fill="currentColor"
                focusable="false"
                height="16"
                preserveAspectRatio="xMidYMid meet"
                viewBox="0 0 16 16"
                width="16"
                xmlns="http://www.w3.org/2000/svg"
              >
                <path
                  d="M8 11L3 6 3.7 5.3 8 9.6 12.3 5.3 13 6z"
                />
              </svg>
            </div>
          </div>
        </div>
      </div>
    </div>
  </div>
</body>
`;
