// Jest Snapshot v1, https://goo.gl/fbAQLP

exports[`ActivityHeader --- Snapshot Capturing Snapshot of ActivityHeader 1`] = `
<body
  id="app"
>
  <div>
    <header
      class="container"
    >
      <div
        class="container"
      >
        <section
          class="headline"
        >
          <p
            class="subtitle"
          >
            This is all of the
          </p>
          <p
            class="title"
          >
            Activity
          </p>
        </section>
        <section
          class="content"
        >
          <p
            class="text"
          >
            Today's numbers
          </p>
          <div
            class="container"
          >
            <div
              class="valueAndIcon"
            >
              <p
                class="value"
              >
                25
              </p>
              <svg
                aria-label="Runs"
                class="icon"
                focusable="false"
                height="32"
                preserveAspectRatio="xMidYMid meet"
                role="img"
                viewBox="0 0 32 32"
                width="32"
                xmlns="http://www.w3.org/2000/svg"
              >
                <polygon
                  points="10 6 10 8 22.59 8 6 24.59 7.41 26 24 9.41 24 22 26 22 26 6 10 6"
                />
              </svg>
            </div>
            <p
              class="text"
            >
              Runs
            </p>
          </div>
          <div
            class="container"
          >
            <div
              class="valueAndIcon"
            >
              <p
                class="value"
              >
                13
              </p>
              <svg
                aria-label="Successes"
                class="icon"
                focusable="false"
                height="32"
                preserveAspectRatio="xMidYMid meet"
                role="img"
                viewBox="0 0 32 32"
                width="32"
                xmlns="http://www.w3.org/2000/svg"
              >
                <polygon
                  points="10 6 10 8 22.59 8 6 24.59 7.41 26 24 9.41 24 22 26 22 26 6 10 6"
                />
              </svg>
            </div>
            <p
              class="text"
            >
              Successes
            </p>
          </div>
          <div
            class="container"
          >
            <div
              class="valueAndIcon"
            >
              <p
                class="value"
              >
                10
              </p>
              <svg
                aria-label="Failures"
                class="icon"
                focusable="false"
                height="32"
                preserveAspectRatio="xMidYMid meet"
                role="img"
                viewBox="0 0 32 32"
                width="32"
                xmlns="http://www.w3.org/2000/svg"
              >
                <polygon
                  points="10 26 10 24 22.59 24 6 7.41 7.41 6 24 22.59 24 10 26 10 26 26 10 26"
                />
              </svg>
            </div>
            <p
              class="text"
            >
              Failures
            </p>
          </div>
          <div
            class="container"
          >
            <div
              class="valueAndIcon"
            >
              <p
                class="value"
              >
                NaN%
              </p>
              <span
                aria-hidden="false"
                aria-label="Success rate"
                class="emoji"
                role="img"
              >
                ðŸ˜¨
              </span>
            </div>
            <p
              class="text"
            >
              Success rate
            </p>
          </div>
        </section>
      </div>
    </header>
  </div>
</body>
`;
