// Jest Snapshot v1, https://goo.gl/fbAQLP

exports[`ActivityTable --- Snapshot Capturing Snapshot of ActivityTable 1`] = `
<body
  id="app"
>
  <div>
    <section>
      <div
        class="tableContainer"
      >
        <div
          class="bx--data-table-container"
        >
          <table
            class="bx--data-table bx--data-table--no-border"
          >
            <thead>
              <tr>
                <th
                  class="tableHeadHeader teamName"
                  id="teamName"
                  scope="col"
                >
                  <span
                    class="bx--table-header-label"
                  >
                    Team
                  </span>
                </th>
                <th
                  class="tableHeadHeader workflowName"
                  id="workflowName"
                  scope="col"
                >
                  <span
                    class="bx--table-header-label"
                  >
                    Workflow
                  </span>
                </th>
                <th
                  aria-sort="none"
                  class="tableHeadHeader trigger"
                  scope="col"
                >
                  <button
                    class="tableHeadHeader trigger bx--table-sort"
                    id="trigger"
                  >
                    <span
                      class="bx--table-header-label"
                    >
                      Trigger
                    </span>
                    <svg
                      aria-label="Sort rows by this header in ascending order"
                      class="bx--table-sort__icon"
                      focusable="false"
                      height="20"
                      preserveAspectRatio="xMidYMid meet"
                      role="img"
                      style="will-change: transform;"
                      viewBox="0 0 32 32"
                      width="20"
                      xmlns="http://www.w3.org/2000/svg"
                    >
                      <path
                        d="M16 4L6 14l1.41 1.41L15 7.83V30h2V7.83l7.59 7.58L26 14 16 4z"
                      />
                    </svg>
                    <svg
                      aria-label="Sort rows by this header in ascending order"
                      class="bx--table-sort__icon-unsorted"
                      focusable="false"
                      height="20"
                      preserveAspectRatio="xMidYMid meet"
                      role="img"
                      style="will-change: transform;"
                      viewBox="0 0 32 32"
                      width="20"
                      xmlns="http://www.w3.org/2000/svg"
                    >
                      <path
                        d="M26.59 20.59L23 24.17V4h-2v20.17l-3.59-3.58L16 22l6 6 6-6-1.41-1.41zM10 4l-6 6 1.41 1.41L9 7.83V28h2V7.83l3.59 3.58L16 10l-6-6z"
                      />
                    </svg>
                  </button>
                </th>
                <th
                  aria-sort="none"
                  class="tableHeadHeader initiatedByUserName"
                  scope="col"
                >
                  <button
                    class="tableHeadHeader initiatedByUserName bx--table-sort"
                    id="initiatedByUserName"
                  >
                    <span
                      class="bx--table-header-label"
                    >
                      Initiated By
                    </span>
                    <svg
                      aria-label="Sort rows by this header in ascending order"
                      class="bx--table-sort__icon"
                      focusable="false"
                      height="20"
                      preserveAspectRatio="xMidYMid meet"
                      role="img"
                      style="will-change: transform;"
                      viewBox="0 0 32 32"
                      width="20"
                      xmlns="http://www.w3.org/2000/svg"
                    >
                      <path
                        d="M16 4L6 14l1.41 1.41L15 7.83V30h2V7.83l7.59 7.58L26 14 16 4z"
                      />
                    </svg>
                    <svg
                      aria-label="Sort rows by this header in ascending order"
                      class="bx--table-sort__icon-unsorted"
                      focusable="false"
                      height="20"
                      preserveAspectRatio="xMidYMid meet"
                      role="img"
                      style="will-change: transform;"
                      viewBox="0 0 32 32"
                      width="20"
                      xmlns="http://www.w3.org/2000/svg"
                    >
                      <path
                        d="M26.59 20.59L23 24.17V4h-2v20.17l-3.59-3.58L16 22l6 6 6-6-1.41-1.41zM10 4l-6 6 1.41 1.41L9 7.83V28h2V7.83l3.59 3.58L16 10l-6-6z"
                      />
                    </svg>
                  </button>
                </th>
                <th
                  aria-sort="none"
                  class="tableHeadHeader creationDate"
                  scope="col"
                >
                  <button
                    class="tableHeadHeader creationDate bx--table-sort"
                    id="creationDate"
                  >
                    <span
                      class="bx--table-header-label"
                    >
                      Start Time
                    </span>
                    <svg
                      aria-label="Sort rows by this header in ascending order"
                      class="bx--table-sort__icon"
                      focusable="false"
                      height="20"
                      preserveAspectRatio="xMidYMid meet"
                      role="img"
                      style="will-change: transform;"
                      viewBox="0 0 32 32"
                      width="20"
                      xmlns="http://www.w3.org/2000/svg"
                    >
                      <path
                        d="M16 4L6 14l1.41 1.41L15 7.83V30h2V7.83l7.59 7.58L26 14 16 4z"
                      />
                    </svg>
                    <svg
                      aria-label="Sort rows by this header in ascending order"
                      class="bx--table-sort__icon-unsorted"
                      focusable="false"
                      height="20"
                      preserveAspectRatio="xMidYMid meet"
                      role="img"
                      style="will-change: transform;"
                      viewBox="0 0 32 32"
                      width="20"
                      xmlns="http://www.w3.org/2000/svg"
                    >
                      <path
                        d="M26.59 20.59L23 24.17V4h-2v20.17l-3.59-3.58L16 22l6 6 6-6-1.41-1.41zM10 4l-6 6 1.41 1.41L9 7.83V28h2V7.83l3.59 3.58L16 10l-6-6z"
                      />
                    </svg>
                  </button>
                </th>
                <th
                  aria-sort="none"
                  class="tableHeadHeader duration"
                  scope="col"
                >
                  <button
                    class="tableHeadHeader duration bx--table-sort"
                    id="duration"
                  >
                    <span
                      class="bx--table-header-label"
                    >
                      Duration
                    </span>
                    <svg
                      aria-label="Sort rows by this header in ascending order"
                      class="bx--table-sort__icon"
                      focusable="false"
                      height="20"
                      preserveAspectRatio="xMidYMid meet"
                      role="img"
                      style="will-change: transform;"
                      viewBox="0 0 32 32"
                      width="20"
                      xmlns="http://www.w3.org/2000/svg"
                    >
                      <path
                        d="M16 4L6 14l1.41 1.41L15 7.83V30h2V7.83l7.59 7.58L26 14 16 4z"
                      />
                    </svg>
                    <svg
                      aria-label="Sort rows by this header in ascending order"
                      class="bx--table-sort__icon-unsorted"
                      focusable="false"
                      height="20"
                      preserveAspectRatio="xMidYMid meet"
                      role="img"
                      style="will-change: transform;"
                      viewBox="0 0 32 32"
                      width="20"
                      xmlns="http://www.w3.org/2000/svg"
                    >
                      <path
                        d="M26.59 20.59L23 24.17V4h-2v20.17l-3.59-3.58L16 22l6 6 6-6-1.41-1.41zM10 4l-6 6 1.41 1.41L9 7.83V28h2V7.83l3.59 3.58L16 10l-6-6z"
                      />
                    </svg>
                  </button>
                </th>
                <th
                  aria-sort="none"
                  class="tableHeadHeader status"
                  scope="col"
                >
                  <button
                    class="tableHeadHeader status bx--table-sort"
                    id="status"
                  >
                    <span
                      class="bx--table-header-label"
                    >
                      Status
                    </span>
                    <svg
                      aria-label="Sort rows by this header in ascending order"
                      class="bx--table-sort__icon"
                      focusable="false"
                      height="20"
                      preserveAspectRatio="xMidYMid meet"
                      role="img"
                      style="will-change: transform;"
                      viewBox="0 0 32 32"
                      width="20"
                      xmlns="http://www.w3.org/2000/svg"
                    >
                      <path
                        d="M16 4L6 14l1.41 1.41L15 7.83V30h2V7.83l7.59 7.58L26 14 16 4z"
                      />
                    </svg>
                    <svg
                      aria-label="Sort rows by this header in ascending order"
                      class="bx--table-sort__icon-unsorted"
                      focusable="false"
                      height="20"
                      preserveAspectRatio="xMidYMid meet"
                      role="img"
                      style="will-change: transform;"
                      viewBox="0 0 32 32"
                      width="20"
                      xmlns="http://www.w3.org/2000/svg"
                    >
                      <path
                        d="M26.59 20.59L23 24.17V4h-2v20.17l-3.59-3.58L16 22l6 6 6-6-1.41-1.41zM10 4l-6 6 1.41 1.41L9 7.83V28h2V7.83l3.59 3.58L16 10l-6-6z"
                      />
                    </svg>
                  </button>
                </th>
              </tr>
            </thead>
            <tbody
              aria-live="polite"
              class="tableBody"
            />
          </table>
        </div>
        <div
          class="bx--pagination"
        >
          <div
            class="bx--pagination__left"
          >
            <label
              class="bx--pagination__text"
              for="bx-pagination-select-1"
              id="bx-pagination-select-1-count-label"
            >
              Items per page:
            </label>
            <div
              class="bx--form-item"
            >
              <div
                class="bx--select bx--select--inline bx--select__item-count"
              >
                <div
                  class="bx--select-input--inline__wrapper"
                >
                  <div
                    class="bx--select-input__wrapper"
                  >
                    <select
                      class="bx--select-input"
                      id="bx-pagination-select-1"
                    >
                      <option
                        class="bx--select-option"
                        value="5"
                      >
                        5
                      </option>
                      <option
                        class="bx--select-option"
                        value="10"
                      >
                        10
                      </option>
                      <option
                        class="bx--select-option"
                        value="20"
                      >
                        20
                      </option>
                      <option
                        class="bx--select-option"
                        value="25"
                      >
                        25
                      </option>
                      <option
                        class="bx--select-option"
                        value="50"
                      >
                        50
                      </option>
                      <option
                        class="bx--select-option"
                        value="100"
                      >
                        100
                      </option>
                    </select>
                    <svg
                      aria-label="open list of options"
                      class="bx--select__arrow"
                      focusable="false"
                      height="16"
                      preserveAspectRatio="xMidYMid meet"
                      role="img"
                      style="will-change: transform;"
                      viewBox="0 0 16 16"
                      width="16"
                      xmlns="http://www.w3.org/2000/svg"
                    >
                      <path
                        d="M8 11L3 6l.7-.7L8 9.6l4.3-4.3.7.7z"
                      />
                      <title>
                        open list of options
                      </title>
                    </svg>
                  </div>
                </div>
              </div>
            </div>
            <span
              class="bx--pagination__text"
            >
              1–10 of 10 items
            </span>
          </div>
          <div
            class="bx--pagination__right"
          >
            <div
              class="bx--form-item"
            >
              <div
                class="bx--select bx--select--inline bx--select__page-number"
              >
                <label
                  class="bx--label bx--visually-hidden"
                  for="bx-pagination-select-3"
                >
                  Page number, of 1 pages
                </label>
                <div
                  class="bx--select-input--inline__wrapper"
                >
                  <div
                    class="bx--select-input__wrapper"
                  >
                    <select
                      class="bx--select-input"
                      id="bx-pagination-select-3"
                    >
                      <option
                        class="bx--select-option"
                        value="1"
                      >
                        1
                      </option>
                    </select>
                    <svg
                      aria-label="open list of options"
                      class="bx--select__arrow"
                      focusable="false"
                      height="16"
                      preserveAspectRatio="xMidYMid meet"
                      role="img"
                      style="will-change: transform;"
                      viewBox="0 0 16 16"
                      width="16"
                      xmlns="http://www.w3.org/2000/svg"
                    >
                      <path
                        d="M8 11L3 6l.7-.7L8 9.6l4.3-4.3.7.7z"
                      />
                      <title>
                        open list of options
                      </title>
                    </svg>
                  </div>
                </div>
              </div>
            </div>
            <span
              class="bx--pagination__text"
            >
              of 1 pages
            </span>
            <button
              aria-label="Previous page"
              class="bx--pagination__button bx--pagination__button--backward bx--pagination__button--no-index"
              disabled=""
              type="button"
            >
              <svg
                aria-hidden="true"
                focusable="false"
                height="24"
                preserveAspectRatio="xMidYMid meet"
                style="will-change: transform;"
                viewBox="0 0 32 32"
                width="24"
                xmlns="http://www.w3.org/2000/svg"
              >
                <path
                  d="M19 23l-8-7 8-7v14z"
                />
              </svg>
            </button>
            <button
              aria-label="Next page"
              class="bx--pagination__button bx--pagination__button--forward bx--pagination__button--no-index"
              disabled=""
              type="button"
            >
              <svg
                aria-hidden="true"
                focusable="false"
                height="24"
                preserveAspectRatio="xMidYMid meet"
                style="will-change: transform;"
                viewBox="0 0 32 32"
                width="24"
                xmlns="http://www.w3.org/2000/svg"
              >
                <path
                  d="M13 9l8 7-8 7V9z"
                />
              </svg>
            </button>
          </div>
        </div>
      </div>
    </section>
  </div>
</body>
`;
