// Jest Snapshot v1, https://goo.gl/fbAQLP

exports[`PropertiesTable --- Snapshot Test Capturing Snapshot of PropertiesTable 1`] = `
<body
  id="app"
>
  <div>
    <div
      class="container"
    >
      <div
        class="content"
      >
        <div
          class="info"
        >
          <h1
            class="title"
          >
            Properties
          </h1>
          <p
            class="description"
          >
            Set global properties that are available for all Workflows.
          </p>
        </div>
        <section
          class="buttons"
        />
      </div>
    </div>
    <div
      class="tableContainer"
    >
      <div
        class="header"
      >
        <div
          aria-labelledby="properties-table-search-search"
          class="bx--search bx--search--xl search"
          role="search"
        >
          <svg
            aria-hidden="true"
            class="bx--search-magnifier"
            fill="currentColor"
            focusable="false"
            height="16"
            preserveAspectRatio="xMidYMid meet"
            viewBox="0 0 16 16"
            width="16"
            xmlns="http://www.w3.org/2000/svg"
          >
            <path
              d="M15,14.3L10.7,10c1.9-2.3,1.6-5.8-0.7-7.7S4.2,0.7,2.3,3S0.7,8.8,3,10.7c2,1.7,5,1.7,7,0l4.3,4.3L15,14.3z M2,6.5	C2,4,4,2,6.5,2S11,4,11,6.5S9,11,6.5,11S2,9,2,6.5z"
            />
          </svg>
          <label
            class="bx--label"
            for="properties-table-search"
            id="properties-table-search-search"
          >
            Search
          </label>
          <input
            autocomplete="off"
            class="bx--search-input"
            id="properties-table-search"
            placeholder="Search"
            role="searchbox"
            type="text"
          />
          <button
            aria-label="Clear search input"
            class="bx--search-close bx--search-close--hidden"
            type="button"
          >
            <svg
              aria-hidden="true"
              fill="currentColor"
              focusable="false"
              height="20"
              preserveAspectRatio="xMidYMid meet"
              viewBox="0 0 32 32"
              width="20"
              xmlns="http://www.w3.org/2000/svg"
            >
              <path
                d="M24 9.4L22.6 8 16 14.6 9.4 8 8 9.4 14.6 16 8 22.6 9.4 24 16 17.4 22.6 24 24 22.6 17.4 16 24 9.4z"
              />
            </svg>
          </button>
        </div>
        <div
          class="actions"
        >
          <button
            class="bx--btn bx--btn--field bx--btn--primary"
            data-testid="create-global-property-button"
            style="width: 12rem;"
            tabindex="0"
            type="button"
          >
            Create Property
            <svg
              aria-hidden="true"
              aria-label="Create Property"
              class="bx--btn__icon"
              fill="currentColor"
              focusable="false"
              height="16"
              preserveAspectRatio="xMidYMid meet"
              role="img"
              viewBox="0 0 32 32"
              width="16"
              xmlns="http://www.w3.org/2000/svg"
            >
              <path
                d="M17 15L17 8 15 8 15 15 8 15 8 17 15 17 15 24 17 24 17 17 24 17 24 15z"
              />
            </svg>
          </button>
        </div>
      </div>
      <div
        class="bx--data-table-container"
      >
        <table
          class="bx--data-table bx--data-table--no-border"
        >
          <thead>
            <tr
              class="tableHeadRow"
            >
              <th
                class="tableHeadHeader label"
                id="label"
                scope="col"
              >
                <span
                  class="bx--table-header-label"
                >
                  Label
                </span>
              </th>
              <th
                class="tableHeadHeader key"
                id="key"
                scope="col"
              >
                <span
                  class="bx--table-header-label"
                >
                  Key
                </span>
              </th>
              <th
                class="tableHeadHeader description"
                id="description"
                scope="col"
              >
                <span
                  class="bx--table-header-label"
                >
                  Description
                </span>
              </th>
              <th
                class="tableHeadHeader value"
                id="value"
                scope="col"
              >
                <span
                  class="bx--table-header-label"
                >
                  Value
                </span>
              </th>
              <th
                class="tableHeadHeader secured"
                id="secured"
                scope="col"
              >
                <span
                  class="bx--table-header-label"
                >
                  Secured
                </span>
              </th>
              <th
                class="tableHeadHeader actions"
                id="actions"
                scope="col"
              >
                <span
                  class="bx--table-header-label"
                />
              </th>
            </tr>
          </thead>
          <tbody
            aria-live="polite"
            class="tableBody"
          >
            <tr
              data-testid="configuration-property-table-row"
            >
              <td
                style="padding: 0px;"
              >
                <div
                  class="tableCell"
                >
                  <p
                    class="tableTextarea"
                  >
                    Test property
                  </p>
                </div>
              </td>
              <td
                style="padding: 0px;"
              >
                <div
                  class="tableCell"
                >
                  <p
                    class="tableTextarea"
                  >
                    test.key
                  </p>
                </div>
              </td>
              <td
                style="padding: 0px;"
              >
                <div
                  class="tableCell"
                >
                  <p
                    class="tableTextarea"
                  >
                    adding a test description
                  </p>
                </div>
              </td>
              <td
                style="padding: 0px;"
              >
                <div
                  class="tableCell"
                >
                  <p
                    class="tableTextarea"
                  >
                    Test value
                  </p>
                </div>
              </td>
              <td
                style="padding: 0px;"
              >
                <div
                  class="tableCell"
                >
                  <svg
                    alt="unsecured"
                    aria-hidden="true"
                    class="tableSecured unsecured"
                    fill="currentColor"
                    focusable="false"
                    height="32"
                    preserveAspectRatio="xMidYMid meet"
                    viewBox="0 0 32 32"
                    width="32"
                    xmlns="http://www.w3.org/2000/svg"
                  >
                    <path
                      d="M24 9.4L22.6 8 16 14.6 9.4 8 8 9.4 14.6 16 8 22.6 9.4 24 16 17.4 22.6 24 24 22.6 17.4 16 24 9.4z"
                    />
                  </svg>
                </div>
              </td>
              <td
                style="padding: 0px;"
              >
                <div
                  class="tableCell"
                >
                  <button
                    aria-expanded="false"
                    aria-haspopup="true"
                    aria-label="Overflow menu"
                    class="bx--overflow-menu"
                    data-testid="configuration-property-table-overflow-menu"
                    tabindex="0"
                  >
                    <svg
                      aria-label="Overflow menu icon"
                      class="bx--overflow-menu__icon"
                      fill="currentColor"
                      focusable="false"
                      height="16"
                      preserveAspectRatio="xMidYMid meet"
                      role="img"
                      viewBox="0 0 32 32"
                      width="16"
                      xmlns="http://www.w3.org/2000/svg"
                    >
                      <circle
                        cx="16"
                        cy="8"
                        r="2"
                      />
                      <circle
                        cx="16"
                        cy="16"
                        r="2"
                      />
                      <circle
                        cx="16"
                        cy="24"
                        r="2"
                      />
                      <title>
                        Overflow menu icon
                      </title>
                    </svg>
                  </button>
                </div>
              </td>
            </tr>
            <tr
              data-testid="configuration-property-table-row"
            >
              <td
                style="padding: 0px;"
              >
                <div
                  class="tableCell"
                >
                  <p
                    class="tableTextarea"
                  >
                    ben.label
                  </p>
                </div>
              </td>
              <td
                style="padding: 0px;"
              >
                <div
                  class="tableCell"
                >
                  <p
                    class="tableTextarea"
                  >
                    ben.key
                  </p>
                </div>
              </td>
              <td
                style="padding: 0px;"
              >
                <div
                  class="tableCell"
                >
                  <p
                    class="tableTextarea"
                  >
                    ---
                  </p>
                </div>
              </td>
              <td
                style="padding: 0px;"
              >
                <div
                  class="tableCell"
                >
                  <p
                    class="tableTextarea"
                  >
                    •••••••••
                  </p>
                </div>
              </td>
              <td
                style="padding: 0px;"
              >
                <div
                  class="tableCell"
                >
                  <svg
                    alt="secured"
                    aria-hidden="true"
                    class="tableSecured secured"
                    fill="currentColor"
                    focusable="false"
                    height="32"
                    preserveAspectRatio="xMidYMid meet"
                    viewBox="0 0 32 32"
                    width="32"
                    xmlns="http://www.w3.org/2000/svg"
                  >
                    <path
                      d="M13 21.2L5.4 13.6 4 15 13 24 28 9 26.6 7.5 13 21.2z"
                    />
                  </svg>
                </div>
              </td>
              <td
                style="padding: 0px;"
              >
                <div
                  class="tableCell"
                >
                  <button
                    aria-expanded="false"
                    aria-haspopup="true"
                    aria-label="Overflow menu"
                    class="bx--overflow-menu"
                    data-testid="configuration-property-table-overflow-menu"
                    tabindex="0"
                  >
                    <svg
                      aria-label="Overflow menu icon"
                      class="bx--overflow-menu__icon"
                      fill="currentColor"
                      focusable="false"
                      height="16"
                      preserveAspectRatio="xMidYMid meet"
                      role="img"
                      viewBox="0 0 32 32"
                      width="16"
                      xmlns="http://www.w3.org/2000/svg"
                    >
                      <circle
                        cx="16"
                        cy="8"
                        r="2"
                      />
                      <circle
                        cx="16"
                        cy="16"
                        r="2"
                      />
                      <circle
                        cx="16"
                        cy="24"
                        r="2"
                      />
                      <title>
                        Overflow menu icon
                      </title>
                    </svg>
                  </button>
                </div>
              </td>
            </tr>
          </tbody>
        </table>
      </div>
      <div
        class="bx--pagination"
      >
        <div
          class="bx--pagination__left"
        >
          <label
            class="bx--pagination__text"
            for="bx-pagination-select-1"
            id="bx-pagination-select-1-count-label"
          >
            Items per page:
          </label>
          <div
            class="bx--form-item"
          >
            <div
              class="bx--select bx--select--inline bx--select__item-count"
            >
              <div
                class="bx--select-input--inline__wrapper"
              >
                <div
                  class="bx--select-input__wrapper"
                >
                  <select
                    class="bx--select-input"
                    id="bx-pagination-select-1"
                  >
                    <option
                      class="bx--select-option"
                      value="10"
                    >
                      10
                    </option>
                    <option
                      class="bx--select-option"
                      value="25"
                    >
                      25
                    </option>
                    <option
                      class="bx--select-option"
                      value="50"
                    >
                      50
                    </option>
                  </select>
                  <svg
                    aria-hidden="true"
                    class="bx--select__arrow"
                    fill="currentColor"
                    focusable="false"
                    height="16"
                    preserveAspectRatio="xMidYMid meet"
                    viewBox="0 0 16 16"
                    width="16"
                    xmlns="http://www.w3.org/2000/svg"
                  >
                    <path
                      d="M8 11L3 6 3.7 5.3 8 9.6 12.3 5.3 13 6z"
                    />
                  </svg>
                </div>
              </div>
            </div>
          </div>
          <span
            class="bx--pagination__text"
          >
            1–2 of 2 items
          </span>
        </div>
        <div
          class="bx--pagination__right"
        >
          <div
            class="bx--form-item"
          >
            <div
              class="bx--select bx--select--inline bx--select__page-number"
            >
              <label
                class="bx--label bx--visually-hidden"
                for="bx-pagination-select-1-right"
              >
                Page number, of 1 pages
              </label>
              <div
                class="bx--select-input--inline__wrapper"
              >
                <div
                  class="bx--select-input__wrapper"
                >
                  <select
                    class="bx--select-input"
                    id="bx-pagination-select-1-right"
                  >
                    <option
                      class="bx--select-option"
                      value="1"
                    >
                      1
                    </option>
                  </select>
                  <svg
                    aria-hidden="true"
                    class="bx--select__arrow"
                    fill="currentColor"
                    focusable="false"
                    height="16"
                    preserveAspectRatio="xMidYMid meet"
                    viewBox="0 0 16 16"
                    width="16"
                    xmlns="http://www.w3.org/2000/svg"
                  >
                    <path
                      d="M8 11L3 6 3.7 5.3 8 9.6 12.3 5.3 13 6z"
                    />
                  </svg>
                </div>
              </div>
            </div>
          </div>
          <span
            class="bx--pagination__text"
          >
            of 1 pages
          </span>
          <button
            aria-label="Previous page"
            class="bx--pagination__button bx--pagination__button--backward bx--pagination__button--no-index"
            disabled=""
            type="button"
          >
            <svg
              aria-hidden="true"
              fill="currentColor"
              focusable="false"
              height="24"
              preserveAspectRatio="xMidYMid meet"
              viewBox="0 0 32 32"
              width="24"
              xmlns="http://www.w3.org/2000/svg"
            >
              <path
                d="M20 24L10 16 20 8z"
              />
            </svg>
          </button>
          <button
            aria-label="Next page"
            class="bx--pagination__button bx--pagination__button--forward bx--pagination__button--no-index"
            disabled=""
            type="button"
          >
            <svg
              aria-hidden="true"
              fill="currentColor"
              focusable="false"
              height="24"
              preserveAspectRatio="xMidYMid meet"
              viewBox="0 0 32 32"
              width="24"
              xmlns="http://www.w3.org/2000/svg"
            >
              <path
                d="M12 8L22 16 12 24z"
              />
            </svg>
          </button>
        </div>
      </div>
    </div>
  </div>
  <div
    class="bx--bmrg-modal-portal"
  />
  <div
    class="bx--bmrg-modal-portal"
  />
  <div
    class="bx--bmrg-modal-portal"
  />
  <div
    class="bx--bmrg-modal-portal"
  />
  <div
    class="bx--bmrg-modal-portal"
  />
</body>
`;
