// Jest Snapshot v1, https://goo.gl/fbAQLP

exports[`WorkflowCard --- Snapshot Capturing Snapshot of WorkflowCard 1`] = `
<body
  id="app"
>
  <div>
    <div
      class="container"
    >
      <div
        aria-expanded="false"
        aria-haspopup="true"
        aria-label="Overflow card menu"
        class="bx--overflow-menu"
        role="button"
        style="position: absolute; right: 0px;"
        tabindex="0"
      >
        <svg
          aria-label="Overflow menu icon"
          class="bx--overflow-menu__icon"
          focusable="false"
          height="16"
          preserveAspectRatio="xMidYMid meet"
          role="img"
          style="will-change: transform;"
          viewBox="0 0 16 16"
          width="16"
          xmlns="http://www.w3.org/2000/svg"
        >
          <circle
            cx="8"
            cy="3"
            r="1"
          />
          <circle
            cx="8"
            cy="8"
            r="1"
          />
          <circle
            cx="8"
            cy="13"
            r="1"
          />
          <title>
            Overflow menu icon
          </title>
        </svg>
      </div>
      <section
        class="cardInfo"
      >
        <div
          class="cardIconContainer"
        >
          <img
            alt="icon"
            class="cardIcon"
          />
        </div>
        <button
          class="cardDescriptionContainer"
        >
          <h2
            class="cardName"
          >
            lucas-workflow-3
          </h2>
          <p
            class="cardDescription"
          />
        </button>
      </section>
      <section
        class="cardLaunch"
      >
        <button
          class="bx--btn bx--btn--field bx--btn--primary"
          tabindex="0"
          type="button"
        >
          Run it
          <svg
            aria-hidden="true"
            aria-label="Run Workflow"
            class="bx--btn__icon"
            focusable="false"
            height="20"
            preserveAspectRatio="xMidYMid meet"
            role="img"
            style="will-change: transform;"
            viewBox="0 0 32 32"
            width="20"
            xmlns="http://www.w3.org/2000/svg"
          >
            <path
              d="M21 16a6 6 0 1 1-6 6 6 6 0 0 1 6-6m0-2a8 8 0 1 0 8 8 8 8 0 0 0-8-8z"
            />
            <path
              d="M26 4H6a2 2 0 0 0-2 2v20a2 2 0 0 0 2 2h4v-2H6V12h22V6a2 2 0 0 0-2-2zM6 10V6h20v4z"
            />
            <path
              d="M19 19v6l5-3-5-3z"
            />
          </svg>
        </button>
      </section>
    </div>
  </div>
  <div
    class="ReactModalPortal"
  />
</body>
`;
