// Jest Snapshot v1, https://goo.gl/fbAQLP

exports[`CreateWorkflowContent --- Snapshot Test Capturing Snapshot of CreateWorkflowContent 1`] = `
<body
  id="app"
>
  <div>
    <form
      class="bx--bmrg-modal-flow-form"
    >
      <div
        class="bx--modal-content formBody"
      >
        <div
          class="teamAndName"
        >
          <div
            class="bx--bmrg-select"
          >
            <div
              class="bx--list-box__wrapper"
            >
              <label
                class="bx--label"
                for="selectedTeam"
              >
                Team
              </label>
              <div
                class="bx--combo-box bx--list-box"
                role="listbox"
                tabindex="-1"
              >
                <div
                  aria-expanded="false"
                  aria-haspopup="true"
                  aria-label="Open menu"
                  class="bx--list-box__field"
                  data-toggle="true"
                  role="button"
                  tabindex="-1"
                  type="button"
                >
                  <input
                    aria-autocomplete="list"
                    aria-controls="selectedTeam__menu"
                    aria-expanded="false"
                    aria-label="Choose an item"
                    autocomplete="off"
                    class="bx--text-input"
                    id="selectedTeam"
                    placeholder="Select a team"
                    role="combobox"
                    styles="[object Object]"
                    value=""
                  />
                  
                  <div
                    class="bx--list-box__menu-icon"
                  >
                    <svg
                      aria-label="Open menu"
                      focusable="false"
                      height="16"
                      name="chevron--down"
                      preserveAspectRatio="xMidYMid meet"
                      role="img"
                      style="will-change: transform;"
                      viewBox="0 0 16 16"
                      width="16"
                      xmlns="http://www.w3.org/2000/svg"
                    >
                      <path
                        d="M8 11L3 6l.7-.7L8 9.6l4.3-4.3.7.7z"
                      />
                      <title>
                        Open menu
                      </title>
                    </svg>
                  </div>
                </div>
              </div>
            </div>
          </div>
          <div
            class="bx--bmrg-text-input"
          >
            <div
              class="bx--form-item bx--text-input-wrapper"
            >
              <label
                class="bx--label"
                for="name"
              >
                <div
                  style="display: flex;"
                >
                  <div>
                    Name
                  </div>
                </div>
              </label>
              <div
                class="bx--text-input__field-wrapper"
              >
                <input
                  class="bx--text-input bx--text__input"
                  id="name"
                  placeholder="Name"
                  type="text"
                  value=""
                />
              </div>
            </div>
          </div>
        </div>
        <div
          class="bx--bmrg-text-input"
        >
          <div
            class="bx--form-item bx--text-input-wrapper"
          >
            <label
              class="bx--label"
              for="summary"
            >
              <div
                style="display: flex;"
              >
                <div>
                  Summary
                </div>
              </div>
            </label>
            <div
              class="bx--text-input__field-wrapper"
            >
              <input
                class="bx--text-input bx--text__input"
                id="summary"
                placeholder="Summary"
                type="text"
                value=""
              />
            </div>
          </div>
        </div>
        <div
          class="bx--bmrg-text-area"
        >
          <div
            class="bx--form-item"
          >
            <label
              class="bx--label"
              for="description"
            >
              Description
            </label>
            <div
              class="bx--text-area__wrapper"
            >
              <textarea
                class="bx--text-area"
                cols="50"
                id="description"
                placeholder="Description"
                rows="4"
                style="resize: none; width: 100%;"
              />
            </div>
          </div>
        </div>
        <h2
          class="iconsTitle"
        >
          Pick an icon (any icon)
        </h2>
        <div
          class="icons"
        >
          <label
            class="icon --active"
          >
            <input
              checked=""
              readonly=""
              type="radio"
              value="flow"
            />
            <svg
              alt="flow icon"
              aria-hidden="true"
              focusable="false"
              height="32"
              preserveAspectRatio="xMidYMid meet"
              style="will-change: transform;"
              viewBox="0 0 32 32"
              width="32"
              xmlns="http://www.w3.org/2000/svg"
            >
              <path
                d="M20 24h-8.14a4.17 4.17 0 0 0-.43-1L22 12.43a3.86 3.86 0 0 0 2 .57 4 4 0 1 0-3.86-5H14v2h6.14a4.17 4.17 0 0 0 .43 1L10 21.57A3.86 3.86 0 0 0 8 21a4 4 0 1 0 3.86 5H20v3h8v-8h-8zm4-17a2 2 0 1 1-2 2 2 2 0 0 1 2-2zM8 27a2 2 0 1 1 2-2 2 2 0 0 1-2 2zm14-4h4v4h-4zM7.05 15.75a9 9 0 0 1 0-13.5l1.32 1.5a7 7 0 0 0 0 10.5z"
              />
              <path
                d="M9.69 12.75a5 5 0 0 1 0-7.5L11 6.75a3 3 0 0 0 0 4.5z"
              />
            </svg>
          </label>
          <label
            class="icon"
          >
            <input
              readonly=""
              type="radio"
              value="api"
            />
            <svg
              alt="api icon"
              aria-hidden="true"
              focusable="false"
              height="32"
              preserveAspectRatio="xMidYMid meet"
              style="will-change: transform;"
              viewBox="0 0 32 32"
              width="32"
              xmlns="http://www.w3.org/2000/svg"
            >
              <path
                d="M26 22a3.86 3.86 0 0 0-2 .57l-3.09-3.1a6 6 0 0 0 0-6.94L24 9.43a3.86 3.86 0 0 0 2 .57 4 4 0 1 0-4-4 3.86 3.86 0 0 0 .57 2l-3.1 3.09a6 6 0 0 0-6.94 0L9.43 8A3.86 3.86 0 0 0 10 6a4 4 0 1 0-4 4 3.86 3.86 0 0 0 2-.57l3.09 3.1a6 6 0 0 0 0 6.94L8 22.57A3.86 3.86 0 0 0 6 22a4 4 0 1 0 4 4 3.86 3.86 0 0 0-.57-2l3.1-3.09a6 6 0 0 0 6.94 0l3.1 3.09a3.86 3.86 0 0 0-.57 2 4 4 0 1 0 4-4zm0-18a2 2 0 1 1-2 2 2 2 0 0 1 2-2zM4 6a2 2 0 1 1 2 2 2 2 0 0 1-2-2zm2 22a2 2 0 1 1 2-2 2 2 0 0 1-2 2zm10-8a4 4 0 1 1 4-4 4 4 0 0 1-4 4zm10 8a2 2 0 1 1 2-2 2 2 0 0 1-2 2z"
              />
            </svg>
          </label>
          <label
            class="icon"
          >
            <input
              readonly=""
              type="radio"
              value="upload"
            />
            <svg
              alt="upload icon"
              aria-hidden="true"
              focusable="false"
              height="32"
              preserveAspectRatio="xMidYMid meet"
              style="will-change: transform;"
              viewBox="0 0 32 32"
              width="32"
              xmlns="http://www.w3.org/2000/svg"
            >
              <path
                d="M11 18l1.41 1.41L15 16.83V29h2V16.83l2.59 2.58L21 18l-5-5-5 5z"
              />
              <path
                d="M23.5 22H23v-2h.5a4.5 4.5 0 0 0 .36-9H23l-.1-.82a7 7 0 0 0-13.88 0L9 11h-.86a4.5 4.5 0 0 0 .36 9H9v2h-.5A6.5 6.5 0 0 1 7.2 9.14a9 9 0 0 1 17.6 0A6.5 6.5 0 0 1 23.5 22z"
              />
            </svg>
          </label>
          <label
            class="icon"
          >
            <input
              readonly=""
              type="radio"
              value="schedule"
            />
            <svg
              alt="schedule icon"
              aria-hidden="true"
              focusable="false"
              height="32"
              preserveAspectRatio="xMidYMid meet"
              style="will-change: transform;"
              viewBox="0 0 32 32"
              width="32"
              xmlns="http://www.w3.org/2000/svg"
            >
              <path
                d="M21 30a8 8 0 1 1 8-8 8 8 0 0 1-8 8zm0-14a6 6 0 1 0 6 6 6 6 0 0 0-6-6z"
              />
              <path
                d="M22.59 25L20 22.41V18h2v3.59l2 2L22.59 25z"
              />
              <path
                d="M28 6a2 2 0 0 0-2-2h-4V2h-2v2h-8V2h-2v2H6a2 2 0 0 0-2 2v20a2 2 0 0 0 2 2h4v-2H6V6h4v2h2V6h8v2h2V6h4v6h2z"
              />
            </svg>
          </label>
          <label
            class="icon"
          >
            <input
              readonly=""
              type="radio"
              value="notify"
            />
            <svg
              alt="notify icon"
              aria-hidden="true"
              focusable="false"
              height="32"
              preserveAspectRatio="xMidYMid meet"
              style="will-change: transform;"
              viewBox="0 0 32 32"
              width="32"
              xmlns="http://www.w3.org/2000/svg"
            >
              <path
                d="M28.7 20.3L26 17.6V13a10.07 10.07 0 0 0-9-10V1h-2v2a10.15 10.15 0 0 0-9 10v4.6l-2.7 2.7a.91.91 0 0 0-.3.7v3a.94.94 0 0 0 1 1h7a5 5 0 0 0 10 0h7a.94.94 0 0 0 1-1v-3a.91.91 0 0 0-.3-.7zM16 28a3 3 0 0 1-3-3h6a3 3 0 0 1-3 3zm11-5H5v-1.6l2.7-2.7A.91.91 0 0 0 8 18v-5a8 8 0 0 1 16 0v5a.91.91 0 0 0 .3.7l2.7 2.7z"
              />
            </svg>
          </label>
          <label
            class="icon"
          >
            <input
              readonly=""
              type="radio"
              value="mail"
            />
            <svg
              alt="mail icon"
              aria-hidden="true"
              focusable="false"
              height="32"
              preserveAspectRatio="xMidYMid meet"
              style="will-change: transform;"
              viewBox="0 0 32 32"
              width="32"
              xmlns="http://www.w3.org/2000/svg"
            >
              <path
                d="M16.59 20.41L20.17 24l-3.59 3.59L18 29l5-5-5-5-1.41 1.41zm7 0L27.17 24l-3.59 3.59L25 29l5-5-5-5-1.41 1.41z"
              />
              <path
                d="M14 23H4V7.91l11.43 7.91a1 1 0 0 0 1.14 0L28 7.91V17h2V7a2 2 0 0 0-2-2H4a2 2 0 0 0-2 2v16a2 2 0 0 0 2 2h10zM25.8 7L16 13.78 6.2 7z"
              />
            </svg>
          </label>
          <label
            class="icon"
          >
            <input
              readonly=""
              type="radio"
              value="docs"
            />
            <svg
              alt="docs icon"
              aria-hidden="true"
              focusable="false"
              height="32"
              preserveAspectRatio="xMidYMid meet"
              style="will-change: transform;"
              viewBox="0 0 32 32"
              width="32"
              xmlns="http://www.w3.org/2000/svg"
            >
              <path
                d="M27.435 14.699l-6.058-6.121A1.949 1.949 0 0 0 19.998 8H12a2.002 2.002 0 0 0-2 2v19a2.002 2.002 0 0 0 2 2h14a2.002 2.002 0 0 0 2-2V16.077a1.976 1.976 0 0 0-.565-1.378zM20 10.03L25.924 16H20zM12 29V10h6v6a2.002 2.002 0 0 0 2 2h6l.001 11z"
              />
              <path
                d="M6 18H4V4a2.002 2.002 0 0 1 2-2h14v2H6z"
              />
            </svg>
          </label>
        </div>
      </div>
      <div
        class="bx--modal-footer"
      >
        <button
          class="bx--btn bx--btn--secondary"
          tabindex="0"
          type="button"
        >
          Cancel
        </button>
        <button
          class="bx--btn bx--btn--primary"
          tabindex="0"
          type="submit"
        >
          Create
        </button>
      </div>
    </form>
  </div>
</body>
`;
