// Jest Snapshot v1, https://goo.gl/fbAQLP

exports[`Editor --- Snapshot Capturing Snapshot of Editor 1`] = `
<body
  id="app"
>
  <div />
</body>
`;
