// Jest Snapshot v1, https://goo.gl/fbAQLP

exports[`CustomLegend --- Snapshot Capturing Snapshot of CustomLegend 1`] = `
<div
  className="container"
>
  <div
    className="iconContainer"
    role="button"
    tabIndex="0"
  >
    <div
      className="icon"
      style={
        Object {
          "backgroundColor": undefined,
        }
      }
    />
    <div
      className="labelContainer"
    >
      <span
        className="label"
      />
      <span
        className="value"
      >
        undefined% (undefined runs)
      </span>
    </div>
  </div>
</div>
`;
