// Jest Snapshot v1, https://goo.gl/fbAQLP

exports[`CreateEditTeamPropertiesModalContent --- Snapshot Test Capturing Snapshot of CreateEditTeamPropertiesModalContent 1`] = `
<body
  id="app"
>
  <div>
    <form
      class="bx--bmrg-modal-flow-form"
    >
      <div
        class="bx--modal-content formBody"
      >
        <div
          class="bx--bmrg-text-input"
        >
          <div
            class="bx--form-item bx--text-input-wrapper"
          >
            <label
              class="bx--label"
              for="key"
            >
              <div
                class="bx--bmrg-text-input__label"
              >
                <div>
                  Key
                </div>
              </div>
            </label>
            <div
              class="bx--text-input__field-wrapper"
            >
              <input
                class="bx--text-input bx--text__input"
                id="key"
                name="key"
                placeholder="Key"
                title="Key"
                type="text"
                value=""
              />
            </div>
          </div>
        </div>
        <div
          class="bx--bmrg-text-input"
        >
          <div
            class="bx--form-item bx--text-input-wrapper"
          >
            <label
              class="bx--label"
              for="label"
            >
              <div
                class="bx--bmrg-text-input__label"
              >
                <div>
                  Label
                </div>
              </div>
            </label>
            <div
              class="bx--text-input__field-wrapper"
            >
              <input
                class="bx--text-input bx--text__input"
                id="label"
                name="label"
                placeholder="Label"
                title="Label"
                type="text"
                value=""
              />
            </div>
          </div>
        </div>
        <div
          class="bx--bmrg-text-input"
        >
          <div
            class="bx--form-item bx--text-input-wrapper"
          >
            <label
              class="bx--label"
              for="description"
            >
              <div
                class="bx--bmrg-text-input__label"
              >
                <div>
                  Description
                </div>
              </div>
            </label>
            <div
              class="bx--text-input__field-wrapper"
            >
              <input
                class="bx--text-input bx--text__input"
                id="description"
                name="description"
                placeholder="Description"
                title="Description"
                type="text"
                value=""
              />
            </div>
          </div>
        </div>
        <div
          class="bx--bmrg-text-input"
        >
          <div
            class="bx--form-item bx--text-input-wrapper"
          >
            <label
              class="bx--label"
              for="value"
            >
              <div
                class="bx--bmrg-text-input__label"
              >
                <div>
                  Value
                </div>
              </div>
            </label>
            <div
              class="bx--text-input__field-wrapper"
            >
              <input
                class="bx--text-input bx--text__input"
                id="value"
                name="value"
                placeholder="Value"
                title="Value"
                type="text"
                value=""
              />
            </div>
          </div>
        </div>
        <div
          class="bx--bmrg-toggle"
        >
          <div
            class="bx--bmrg-toggle__title"
          >
            <label
              class="bx--label"
              for="secured-team-properties-toggle"
              id="secured-team-properties-toggle-label"
              style="margin-bottom: 0px;"
            >
              Secured
            </label>
          </div>
          <div
            class="bx--form-item"
          >
            <input
              aria-labelledby="secured-team-properties-toggle-label"
              class="bx--toggle-input"
              data-testid="secured-team-properties-toggle"
              id="secured-team-properties-toggle"
              name="secured"
              type="checkbox"
            />
            <label
              aria-label="Toggle"
              class="bx--toggle-input__label"
              for="secured-team-properties-toggle"
            >
              <span
                class="bx--toggle__switch"
              >
                <span
                  aria-hidden="true"
                  class="bx--toggle__text--off"
                />
                <span
                  aria-hidden="true"
                  class="bx--toggle__text--on"
                />
              </span>
            </label>
          </div>
        </div>
      </div>
      <div
        class="bx--modal-footer"
      >
        <button
          class="bx--btn bx--btn--secondary"
          tabindex="0"
          type="button"
        >
          Cancel
        </button>
        <button
          class="bx--btn bx--btn--primary"
          data-testid="team-property-create-edit-submission-button"
          tabindex="0"
          type="submit"
        >
          Save
        </button>
      </div>
    </form>
  </div>
</body>
`;
