// Jest Snapshot v1, https://goo.gl/fbAQLP

exports[`ExecutionHeader --- Snapshot Capturing Snapshot of ExecutionHeader 1`] = `
<body
  id="app"
>
  <div>
    <header
      class="bx--bmrg-feature-header container --bordered"
    >
      <section
        class="bx--bmrg-feature-header__content"
      >
        <div
          class="bx--bmrg-feature-header__nav"
        >
          <nav
            aria-label="Breadcrumb"
          >
            <ol
              class="bx--breadcrumb bx--breadcrumb--no-trailing-slash"
            >
              <li
                class="bx--breadcrumb-item"
              >
                <a
                  class="bx--link"
                  href="/activity"
                >
                  Activity
                </a>
              </li>
              <li
                class="bx--breadcrumb-item bx--breadcrumb-item--current"
              >
                <p
                  class="bx--link"
                >
                  Sparkle Flow with extra glitter and donuts on the side
                </p>
              </li>
            </ol>
          </nav>
        </div>
        <hgroup
          class="bx--bmrg-feature-header__header"
        >
          <h1
            class="bx--bmrg-feature-header-text"
          >
            Workflow run detail
          </h1>
        </hgroup>
      </section>
      <div
        class="content"
      >
        <dl
          class="data"
        >
          <dt
            class="dataTitle"
          >
            Team
          </dt>
          <dd
            class="dataValue"
          >
            CAI Offerings
          </dd>
        </dl>
        <dl
          class="data"
        >
          <dt
            class="dataTitle"
          >
            Initiated by
          </dt>
          <dd
            class="dataValue"
          >
            Tim Bula
          </dd>
        </dl>
        <dl
          class="data"
        >
          <dt
            class="dataTitle"
          >
            Trigger
          </dt>
          <dd
            class="dataValue"
          >
            manual
          </dd>
        </dl>
        <dl
          class="data"
        >
          <dt
            class="dataTitle"
          >
            Start time
          </dt>
          <dd
            class="dataValue"
          >
            2019-01-01 12:00 AM
          </dd>
        </dl>
      </div>
    </header>
  </div>
</body>
`;
