// Jest Snapshot v1, https://goo.gl/fbAQLP

exports[`ExecutionHeader --- Snapshot Capturing Snapshot of ExecutionHeader 1`] = `
<body
  id="app"
>
  <div>
    <header
      class="container border"
    >
      <div
        class="container"
      >
        <section>
          <div
            class="subtitle"
          >
            <a
              href="/activity"
            >
              Activity
            </a>
            <p
              style="margin: 0px 0.5rem;"
            >
              /
            </p>
            <p>
              Sparkle Flow with extra glitter and donuts on the side
            </p>
          </div>
          <h1
            class="title"
          >
            Workflow run detail
          </h1>
        </section>
        <div
          class="content"
        >
          <div
            class="data"
          >
            <p
              class="dataTitle"
            >
              Team
            </p>
            <p
              class="dataValue"
            >
              CAI Offerings
            </p>
          </div>
          <div
            class="data"
          >
            <p
              class="dataTitle"
            >
              Initiated by
            </p>
            <p
              class="dataValue"
            >
              Tim Bula
            </p>
          </div>
          <div
            class="data"
          >
            <p
              class="dataTitle"
            >
              Trigger
            </p>
            <p
              class="dataValue"
            >
              manual
            </p>
          </div>
          <div
            class="data"
          >
            <p
              class="dataTitle"
            >
              Team
            </p>
            <p
              class="dataValue"
            >
              2019-01-01 12:00 AM
            </p>
          </div>
        </div>
      </div>
    </header>
  </div>
</body>
`;
