// Jest Snapshot v1, https://goo.gl/fbAQLP

exports[`WorkflowCard --- Snapshot Capturing Snapshot of WorkflowCard 1`] = `
<body
  id="app"
>
  <div>
    <div
      class="container"
    >
      <a
        href="/teams/undefined/editor/789/workflow"
      >
        <section
          class="details"
        >
          <div
            class="iconContainer"
          >
            <svg
              alt="schedule"
              aria-hidden="true"
              class="icon"
              fill="currentColor"
              focusable="false"
              height="16"
              preserveAspectRatio="xMidYMid meet"
              viewBox="0 0 32 32"
              width="16"
              xmlns="http://www.w3.org/2000/svg"
            >
              <path
                d="M21,30a8,8,0,1,1,8-8A8,8,0,0,1,21,30Zm0-14a6,6,0,1,0,6,6A6,6,0,0,0,21,16Z"
              />
              <path
                d="M22.59 25L20 22.41 20 18 22 18 22 21.59 24 23.59 22.59 25z"
              />
              <path
                d="M28,6a2,2,0,0,0-2-2H22V2H20V4H12V2H10V4H6A2,2,0,0,0,4,6V26a2,2,0,0,0,2,2h4V26H6V6h4V8h2V6h8V8h2V6h4v6h2Z"
              />
            </svg>
          </div>
          <div
            class="descriptionContainer"
          >
            <h1
              class="name"
              data-testid="workflow-card-title"
              title="lucas-workflow-3"
            >
              lucas-workflow-3
            </h1>
            <p
              class="description"
            />
          </div>
        </section>
      </a>
      <section
        class="launch"
      >
        <button
          class="bx--btn bx--btn--field bx--btn--primary"
          tabindex="0"
          type="button"
        >
          Run it
          <svg
            aria-hidden="true"
            aria-label="Run Workflow"
            class="bx--btn__icon"
            fill="currentColor"
            focusable="false"
            height="20"
            preserveAspectRatio="xMidYMid meet"
            role="img"
            viewBox="0 0 32 32"
            width="20"
            xmlns="http://www.w3.org/2000/svg"
          >
            <path
              d="M21,16a6,6,0,1,1-6,6,6,6,0,0,1,6-6m0-2a8,8,0,1,0,8,8,8,8,0,0,0-8-8Z"
            />
            <path
              d="M26,4H6A2,2,0,0,0,4,6V26a2,2,0,0,0,2,2h4V26H6V12H28V6A2,2,0,0,0,26,4ZM6,10V6H26v4Z"
            />
            <path
              d="M19 19L19 25 24 22 19 19z"
            />
          </svg>
        </button>
      </section>
      <button
        aria-expanded="false"
        aria-haspopup="true"
        aria-label="Overflow card menu"
        class="bx--overflow-menu"
        style="position: absolute; right: 0px;"
        tabindex="0"
      >
        <svg
          aria-label="Overflow menu icon"
          class="bx--overflow-menu__icon"
          fill="currentColor"
          focusable="false"
          height="16"
          preserveAspectRatio="xMidYMid meet"
          role="img"
          viewBox="0 0 32 32"
          width="16"
          xmlns="http://www.w3.org/2000/svg"
        >
          <circle
            cx="16"
            cy="8"
            r="2"
          />
          <circle
            cx="16"
            cy="16"
            r="2"
          />
          <circle
            cx="16"
            cy="24"
            r="2"
          />
          <title>
            Overflow menu icon
          </title>
        </svg>
      </button>
    </div>
  </div>
  <div
    class="bx--bmrg-modal-portal"
  />
</body>
`;
