// Jest Snapshot v1, https://goo.gl/fbAQLP

exports[`TaskExecutionLog --- Snapshot Capturing Snapshot of TaskExecutionLog 1`] = `
<body
  id="app"
>
  <div>
    <button
      class="s-task-log-trigger"
    >
      View Log
    </button>
  </div>
  <div
    class="ReactModalPortal"
  />
</body>
`;
