// Jest Snapshot v1, https://goo.gl/fbAQLP

exports[`Settings --- Snapshot Capturing Snapshot of Settings 1`] = `
<body
  id="app"
>
  <div>
    <header
      class="bx--bmrg-feature-header header"
    >
      <section
        class="bx--bmrg-feature-header__content"
      >
        <div
          class="bx--bmrg-feature-header__header"
        >
          <h1
            class="bx--bmrg-feature-header-title headerTitle"
          >
            Settings
          </h1>
          <p
            class="bx--bmrg-feature-header-title"
          >
            Adjust Flow settings
          </p>
        </div>
      </section>
    </header>
    <div
      class="container css-xtq108"
    >
      <div
        class="skeletonPlacholderContainer css-vurnku"
      >
        <div
          class="bx--skeleton__placeholder"
        />
        <div
          class="bx--skeleton__placeholder"
        />
        <div
          class="bx--skeleton__placeholder"
        />
        <div
          class="bx--skeleton__placeholder"
        />
        <div
          class="bx--skeleton__placeholder"
        />
      </div>
    </div>
  </div>
</body>
`;
