// Jest Snapshot v1, https://goo.gl/fbAQLP

exports[`CreateEditPropertiesContent --- Snapshot Test Capturing Snapshot of CreateEditPropertiesContent 1`] = `
<body
  id="app"
>
  <div>
    <form
      class="bx--bmrg-modal-flow-form"
    >
      <div
        class="bx--modal-content"
      >
        <div
          class="input"
        >
          <div
            class="bx--form-item bx--text-input-wrapper"
          >
            <label
              class="bx--label"
              for="label"
            >
              Label
            </label>
            <div
              class="bx--text-input__field-wrapper"
            >
              <input
                class="bx--text-input bx--text__input"
                id="label"
                placeholder="Label"
                type="text"
                value=""
              />
            </div>
          </div>
        </div>
        <div
          class="input"
        >
          <div
            class="bx--form-item bx--text-input-wrapper"
          >
            <label
              class="bx--label"
              for="key"
            >
              key
            </label>
            <div
              class="bx--text-input__field-wrapper"
            >
              <input
                class="bx--text-input bx--text__input"
                id="key"
                placeholder="Key"
                type="text"
                value="test.key"
              />
            </div>
          </div>
        </div>
        <div
          class="input"
        >
          <div
            class="bx--form-item bx--text-input-wrapper"
          >
            <label
              class="bx--label"
              for="description"
            >
              Description
            </label>
            <div
              class="bx--text-input__field-wrapper"
            >
              <input
                class="bx--text-input bx--text__input"
                id="description"
                placeholder="Description"
                type="text"
                value=""
              />
            </div>
          </div>
        </div>
        <div
          class="input"
        >
          <div
            class="bx--form-item bx--text-input-wrapper"
          >
            <label
              class="bx--label"
              for="value"
            >
              Value
            </label>
            <div
              class="bx--text-input__field-wrapper"
            >
              <input
                class="bx--text-input bx--text__input"
                id="value"
                placeholder="Value"
                type="text"
                value="testing"
              />
            </div>
          </div>
        </div>
        <div
          class="toggleContainer"
        >
          <div
            class="bx--form-item"
          >
            <input
              class="bx--toggle-input"
              id="secured"
              name="secured"
              type="checkbox"
            />
            <label
              class="bx--toggle-input__label"
              for="secured"
            >
              Secured
              <span
                class="bx--toggle__switch"
              >
                <span
                  aria-hidden="true"
                  class="bx--toggle__text--off"
                >
                  Off
                </span>
                <span
                  aria-hidden="true"
                  class="bx--toggle__text--on"
                >
                  On
                </span>
              </span>
            </label>
          </div>
        </div>
      </div>
      <div
        class="bx--modal-footer"
      >
        <button
          class="bx--btn bx--btn--secondary"
          tabindex="0"
          type="button"
        >
          Cancel
        </button>
        <button
          class="bx--btn bx--btn--primary"
          tabindex="0"
          type="submit"
        >
          Save
        </button>
      </div>
    </form>
  </div>
</body>
`;
